Release 14.7 - xst P.20131013 (lin)
Copyright (c) 1995-2013 Xilinx, Inc.  All rights reserved.
--> 
Parameter TMPDIR set to xst/projnav.tmp


Total REAL time to Xst completion: 0.00 secs
Total CPU time to Xst completion: 0.08 secs
 
--> 
Parameter xsthdpdir set to xst


Total REAL time to Xst completion: 0.00 secs
Total CPU time to Xst completion: 0.08 secs
 
--> 
Reading design: BH_com.prj

TABLE OF CONTENTS
  1) Synthesis Options Summary
  2) HDL Compilation
  3) Design Hierarchy Analysis
  4) HDL Analysis
  5) HDL Synthesis
     5.1) HDL Synthesis Report
  6) Advanced HDL Synthesis
     6.1) Advanced HDL Synthesis Report
  7) Low Level Synthesis
  8) Partition Report
  9) Final Report
	9.1) Device utilization summary
	9.2) Partition Resource Summary
	9.3) TIMING REPORT


=========================================================================
*                      Synthesis Options Summary                        *
=========================================================================
---- Source Parameters
Input File Name                    : "BH_com.prj"
Input Format                       : mixed
Ignore Synthesis Constraint File   : NO

---- Target Parameters
Output File Name                   : "BH_com"
Output Format                      : NGC
Target Device                      : xc3s500e-4-vq100

---- Source Options
Top Module Name                    : BH_com
Automatic FSM Extraction           : YES
FSM Encoding Algorithm             : Auto
Safe Implementation                : No
FSM Style                          : LUT
RAM Extraction                     : Yes
RAM Style                          : Auto
ROM Extraction                     : Yes
Mux Style                          : Auto
Decoder Extraction                 : YES
Priority Encoder Extraction        : Yes
Shift Register Extraction          : YES
Logical Shifter Extraction         : YES
XOR Collapsing                     : YES
ROM Style                          : Auto
Mux Extraction                     : Yes
Resource Sharing                   : YES
Asynchronous To Synchronous        : NO
Multiplier Style                   : Auto
Automatic Register Balancing       : No

---- Target Options
Add IO Buffers                     : YES
Global Maximum Fanout              : 100000
Add Generic Clock Buffer(BUFG)     : 24
Register Duplication               : YES
Slice Packing                      : YES
Optimize Instantiated Primitives   : NO
Use Clock Enable                   : Yes
Use Synchronous Set                : Yes
Use Synchronous Reset              : Yes
Pack IO Registers into IOBs        : Auto
Equivalent register Removal        : YES

---- General Options
Optimization Goal                  : Speed
Optimization Effort                : 1
Keep Hierarchy                     : No
Netlist Hierarchy                  : As_Optimized
RTL Output                         : Yes
Global Optimization                : AllClockNets
Read Cores                         : YES
Write Timing Constraints           : NO
Cross Clock Analysis               : NO
Hierarchy Separator                : /
Bus Delimiter                      : <>
Case Specifier                     : Maintain
Slice Utilization Ratio            : 100
BRAM Utilization Ratio             : 100
Verilog 2001                       : YES
Auto BRAM Packing                  : NO
Slice Utilization Ratio Delta      : 5

---- Other Options
Cores Search Directories           : {"ipcore_dir"  }

=========================================================================


=========================================================================
*                          HDL Compilation                              *
=========================================================================
Compiling vhdl file "/home/hato/mycom/ipcore_dir/vram.vhd" in Library work.
Architecture vram_a of Entity vram is up to date.
Compiling vhdl file "/home/hato/mycom/crom.vhd" in Library work.
Architecture behavioral of Entity crom is up to date.
Compiling vhdl file "/home/hato/mycom/BH_com.vhd" in Library work.
Entity <bh_com> compiled.
Entity <bh_com> (Architecture <behavioral>) compiled.

=========================================================================
*                     Design Hierarchy Analysis                         *
=========================================================================
Analyzing hierarchy for entity <BH_com> in library <work> (architecture <behavioral>).

Analyzing hierarchy for entity <crom> in library <work> (architecture <behavioral>).


=========================================================================
*                            HDL Analysis                               *
=========================================================================
Analyzing Entity <BH_com> in library <work> (Architecture <behavioral>).
WARNING:Xst:2211 - "/home/hato/mycom/BH_com.vhd" line 600: Instantiating black box module <vram>.
Entity <BH_com> analyzed. Unit <BH_com> generated.

Analyzing Entity <crom> in library <work> (Architecture <behavioral>).
Entity <crom> analyzed. Unit <crom> generated.


=========================================================================
*                           HDL Synthesis                               *
=========================================================================

Performing bidirectional port resolution...

Synthesizing Unit <crom>.
    Related source file is "/home/hato/mycom/crom.vhd".
    Found 128x56-bit ROM for signal <chr$rom0000>.
    Found 1-bit 8-to-1 multiplexer for signal <dot>.
    Found 8-bit 8-to-1 multiplexer for signal <$mux0008> created at line 1206.
    Summary:
	inferred   1 ROM(s).
	inferred   9 Multiplexer(s).
Unit <crom> synthesized.


Synthesizing Unit <BH_com>.
    Related source file is "/home/hato/mycom/BH_com.vhd".
WARNING:Xst:646 - Signal <vram_1_doutb> is assigned but never used. This unconnected signal will be trimmed during the optimization process.
WARNING:Xst:646 - Signal <vram_1_douta<7>> is assigned but never used. This unconnected signal will be trimmed during the optimization process.
WARNING:Xst:653 - Signal <vram_1_dina> is used but never assigned. This sourceless signal will be automatically connected to value 00000000.
    Found 128x32-bit dual-port RAM <Mram_cpu_greg> for signal <cpu_greg>.
    Found 512x32-bit dual-port RAM <Mram_stack> for signal <stack>.
    Found 256x32-bit dual-port RAM <Mram_boot> for signal <boot>.
    Found finite state machine <FSM_0> for signal <cpu_stat>.
    -----------------------------------------------------------------------
    | States             | 4                                              |
    | Transitions        | 4                                              |
    | Inputs             | 0                                              |
    | Outputs            | 5                                              |
    | Clock              | clk                       (rising_edge)        |
    | Power Up State     | 00000000000000000000000000000000               |
    | Encoding           | automatic                                      |
    | Implementation     | LUT                                            |
    -----------------------------------------------------------------------
WARNING:Xst:737 - Found 32-bit latch for signal <cpu_rdata>. Latches may be generated from incomplete case or if statements. We do not recommend the use of latches in FPGA/CPLD designs, as they may lead to timing problems.
WARNING:Xst:737 - Found 32-bit latch for signal <cpu_addr>. Latches may be generated from incomplete case or if statements. We do not recommend the use of latches in FPGA/CPLD designs, as they may lead to timing problems.
WARNING:Xst:643 - "/home/hato/mycom/BH_com.vhd" line 474: The result of a 32x32-bit multiplication is partially used. Only the 32 least significant bits are used. If you are doing this on purpose, you may safely ignore this warning. Otherwise, make sure you are not losing information, leading to unexpected circuit behavior.
    Found 24-bit comparator greatequal for signal <$cmp_ge0000> created at line 533.
    Found 25-bit subtractor for signal <$sub0000> created at line 535.
    Found 32-bit subtractor for signal <$sub0001> created at line 549.
    Found 25-bit subtractor for signal <$sub0002> created at line 530.
    Found 32-bit subtractor for signal <$sub0003> created at line 549.
    Found 25-bit subtractor for signal <$sub0004> created at line 528.
    Found 32-bit subtractor for signal <$sub0005> created at line 549.
    Found 32-bit comparator greatequal for signal <A_0$cmp_ge0000> created at line 581.
    Found 32-bit comparator greatequal for signal <A_1$cmp_ge0000> created at line 582.
    Found 32-bit comparator greater for signal <A_1$cmp_gt0000> created at line 582.
    Found 32-bit comparator less for signal <A_1$cmp_lt0000> created at line 582.
    Found 24-bit comparator greatequal for signal <and0002$cmp_ge0000> created at line 530.
    Found 24-bit comparator lessequal for signal <and0002$cmp_le0000> created at line 530.
    Found 24-bit comparator greatequal for signal <and0003$cmp_ge0000> created at line 528.
    Found 24-bit comparator lessequal for signal <and0003$cmp_le0000> created at line 528.
    Found 24-bit comparator greatequal for signal <and0004$cmp_ge0000> created at line 526.
    Found 24-bit comparator lessequal for signal <and0004$cmp_le0000> created at line 526.
    Found 32-bit up counter for signal <clkcnt>.
    Found 32-bit register for signal <cpu_inst>.
    Found 32-bit register for signal <cpu_opdata>.
    Found 32-bit register for signal <cpu_pc>.
    Found 32-bit adder for signal <cpu_pc$addsub0000> created at line 432.
    Found 24-bit register for signal <cpu_raddr>.
    Found 32-bit comparator greatequal for signal <cpu_rdata$cmp_ge0000> created at line 549.
    Found 32-bit comparator greatequal for signal <cpu_rdata$cmp_ge0001> created at line 549.
    Found 32-bit comparator less for signal <cpu_rdata$cmp_lt0000> created at line 549.
    Found 32-bit comparator less for signal <cpu_rdata$cmp_lt0001> created at line 549.
    Found 32-bit register for signal <cpu_sp>.
    Found 32-bit addsub for signal <cpu_sp$share0000> created at line 426.
    Found 24-bit register for signal <cpu_waddr>.
    Found 32-bit register for signal <cpu_wdata>.
    Found 32-bit addsub for signal <cpu_wdata$addsub0000>.
    Found 32-bit comparator equal for signal <cpu_wdata$cmp_eq0010> created at line 497.
    Found 32-bit comparator greatequal for signal <cpu_wdata$cmp_ge0000> created at line 512.
    Found 32-bit comparator greater for signal <cpu_wdata$cmp_gt0000> created at line 509.
    Found 32-bit comparator lessequal for signal <cpu_wdata$cmp_le0000> created at line 506.
    Found 32-bit comparator less for signal <cpu_wdata$cmp_lt0000> created at line 503.
    Found 32-bit comparator not equal for signal <cpu_wdata$cmp_ne0001> created at line 500.
    Found 32x32-bit multiplier for signal <cpu_wdata$mult0000> created at line 474.
    Found 32-bit xor2 for signal <cpu_wdata$xor0001> created at line 486.
    Found 32-bit register for signal <cpu_work>.
    Found 32-bit adder for signal <crom_1_col$add0000>.
    Found 32-bit adder for signal <crom_1_col$addsub0000>.
    Found 32-bit adder for signal <inst$add0000>.
    Found 32-bit adder for signal <inst$addsub0000>.
    Found 32-bit comparator greatequal for signal <mux0000$cmp_ge0000> created at line 549.
    Found 32-bit comparator lessequal for signal <mux0000$cmp_le0000> created at line 549.
    Found 32-bit up counter for signal <ppu_clkcnt>.
    Found 32-bit up counter for signal <ppu_linecnt>.
    Found 32-bit comparator less for signal <stat_hsync$cmp_lt0000> created at line 577.
    Found 32-bit comparator less for signal <stat_vsync$cmp_lt0000> created at line 576.
    Found 10-bit adder for signal <vram_1_addra>.
    Found 32-bit adder for signal <vram_1_addra$add0000>.
    Found 33-bit adder for signal <vram_1_addra$add0001> created at line 615.
    Found 33-bit adder for signal <vram_1_addra$add0002>.
    Found 33-bit adder for signal <vram_1_addra$add0003>.
    Found 33-bit adder for signal <vram_1_addra$addsub0000>.
    Found 33-bit adder for signal <vram_1_addra$addsub0001>.
    Found 32-bit adder for signal <vram_1_addra$addsub0002>.
    Found 32-bit subtractor for signal <vram_1_addra$sub0000> created at line 615.
    Found 32-bit subtractor for signal <vram_1_addra$sub0001> created at line 615.
    Found 10-bit register for signal <vram_1_addrb>.
    Found 32-bit adder for signal <vram_1_addrb$add0000>.
    Found 10-bit adder for signal <vram_1_addrb$add0001> created at line 532.
    Found 32-bit adder for signal <vram_1_addrb$addsub0000>.
    Found 25-bit subtractor for signal <vram_1_addrb$sub0001> created at line 532.
    Found 8-bit register for signal <vram_1_dinb>.
    Found 24-bit comparator greater for signal <vram_1_dinb$cmp_gt0000> created at line 530.
    Found 24-bit comparator less for signal <vram_1_dinb$cmp_lt0000> created at line 530.
    Summary:
	inferred   1 Finite State Machine(s).
	inferred   3 RAM(s).
	inferred   3 Counter(s).
	inferred 258 D-type flip-flop(s).
	inferred  27 Adder/Subtractor(s).
	inferred   1 Multiplier(s).
	inferred  27 Comparator(s).
Unit <BH_com> synthesized.

INFO:Xst:1767 - HDL ADVISOR - Resource sharing has identified that some arithmetic operations in this design can share the same physical resources for reduced device utilization. For improved clock frequency you may try to disable resource sharing.

=========================================================================
HDL Synthesis Report

Macro Statistics
# RAMs                                                 : 3
 128x32-bit dual-port RAM                              : 1
 256x32-bit dual-port RAM                              : 1
 512x32-bit dual-port RAM                              : 1
# ROMs                                                 : 1
 128x56-bit ROM                                        : 1
# Multipliers                                          : 1
 32x32-bit multiplier                                  : 1
# Adders/Subtractors                                   : 27
 10-bit adder                                          : 2
 25-bit subtractor                                     : 4
 32-bit adder                                          : 9
 32-bit addsub                                         : 2
 32-bit subtractor                                     : 5
 33-bit adder                                          : 5
# Counters                                             : 2
 32-bit up counter                                     : 2
# Registers                                            : 10
 10-bit register                                       : 1
 24-bit register                                       : 2
 32-bit register                                       : 6
 8-bit register                                        : 1
# Latches                                              : 2
 32-bit latch                                          : 2
# Comparators                                          : 27
 24-bit comparator greatequal                          : 4
 24-bit comparator greater                             : 1
 24-bit comparator less                                : 1
 24-bit comparator lessequal                           : 3
 32-bit comparator equal                               : 1
 32-bit comparator greatequal                          : 6
 32-bit comparator greater                             : 2
 32-bit comparator less                                : 6
 32-bit comparator lessequal                           : 2
 32-bit comparator not equal                           : 1
# Multiplexers                                         : 2
 1-bit 8-to-1 multiplexer                              : 1
 8-bit 8-to-1 multiplexer                              : 1
# Xors                                                 : 1
 32-bit xor2                                           : 1

=========================================================================

=========================================================================
*                       Advanced HDL Synthesis                          *
=========================================================================

Analyzing FSM <FSM_0> for best encoding.
Optimizing FSM <cpu_stat/FSM> on signal <cpu_stat[1:4]> with one-hot encoding.
----------------------------------------------
 State                            | Encoding
----------------------------------------------
 00000000000000000000000000000000 | 0001
 00000000000000000000000000000001 | 0010
 00000000000000000000000000000010 | 0100
 00000000000000000000000000000011 | 1000
----------------------------------------------
Reading core <ipcore_dir/vram.ngc>.
Loading core <vram> for timing and area information for instance <vram_1>.
